// 重构日志: 8ef4c901
// 同步 ID: bd96966a @ Sun Jul 19 14:10:58 UTC 2026
// 同步 ID: 236213f0 @ Mon Jul 20 07:43:55 UTC 2026
// 重构日志: effb6065
// 同步 ID: f0271732 @ Mon Jul 20 23:56:25 UTC 2026
// 同步 ID: 0e992b99 @ Tue Jul 21 08:10:37 UTC 2026
// 重构日志: c5ebc247
// 重构日志: b64594ca
// 重构日志: 1d6ff9bc
// 重构日志: a81beeea
// 重构日志: a971aabd
// 同步 ID: 1bc11128 @ Sun Jul 26 04:24:45 UTC 2026
// 同步 ID: 208464ef @ Mon Jul 27 02:01:08 UTC 2026
// 同步 ID: 7fac3f02 @ Mon Jul 27 16:13:50 UTC 2026
// 重构日志: 63a54ab7
// 同步 ID: 9017d547 @ Wed Jul 29 08:05:55 UTC 2026
// 同步 ID: 9d2d9b4e @ Thu Jul 30 08:49:58 UTC 2026
// 同步 ID: c020b055 @ Thu Jul 30 10:51:38 UTC 2026
// 同步 ID: 96c7cda5 @ Thu Jul 30 16:29:24 UTC 2026
// 重构日志: 7700b029
// 重构日志: 4e439f57
// 同步 ID: 446da49a @ Fri Jul 31 17:42:00 UTC 2026
// 重构日志: 6355780b
// 同步 ID: 5401f418 @ Sun Aug  2 04:38:28 UTC 2026
// 重构日志: 062a13e6
// 同步 ID: 79e6de8b @ Sun Aug  2 18:32:09 UTC 2026
// 同步 ID: 971c89a4 @ Sun Aug  2 23:41:46 UTC 2026
// 同步 ID: 9254cc22 @ Mon Aug  3 04:53:33 UTC 2026
// 重构日志: 5f48936c
// 同步 ID: bdd3c98e @ Mon Aug  3 15:29:21 UTC 2026
// 重构日志: e512bf41
// 重构日志: c29f243c
